root@jayoon-virtual-machine:~# touch mydata.txt
root@jayoon-virtual-machine:~# ls -l mtdata.txt
ls: 'mtdata.txt'에 접근할 수 없음: 그런 파일이나 디렉터리가 없습니다
root@jayoon-virtual-machine:~# chmod 777 madata.txt
chmod: 'madata.txt'에 접근할 수 없음: 그런 파일이나 디렉터리가 없습니다
root@jayoon-virtual-machine:~# chmod 777 mydata.txt
root@jayoon-virtual-machine:~# ls -l mydata.txt
-rwxrwxrwx 1 root root 0  5월  9 09:45 mydata.txt
root@jayoon-virtual-machine:~# chmod 644 mydata.txt
root@jayoon-virtual-machine:~# chmod u+x mydata.txt
root@jayoon-virtual-machine:~# ls -l mydata.txt
-rwxr--r-- 1 root root 0  5월  9 09:45 mydata.txt
root@jayoon-virtual-machine:~# chmod u-w mydata.txt
root@jayoon-virtual-machine:~# ls -l mydata
ls: 'mydata'에 접근할 수 없음: 그런 파일이나 디렉터리가 없습니다
root@jayoon-virtual-machine:~# ls -l mydata.txt
-r-xr--r-- 1 root root 0  5월  9 09:45 mydata.txt
root@jayoon-virtual-machine:~# chmod g+w mydata.txt
root@jayoon-virtual-machine:~# ls -l mydata.txt
-r-xrw-r-- 1 root root 0  5월  9 09:45 mydata.txt
root@jayoon-virtual-machine:~# chmod o+x mydata.txt
root@jayoon-virtual-machine:~# ls -l mydata.txt
-r-xrw-r-x 1 root root 0  5월  9 09:45 mydata.txt
root@jayoon-virtual-machine:~# ^C
root@jayoon-virtual-machine:~# nano sample
root@jayoon-virtual-machine:~# cat sample
리눅스 명령 연습중
파일허가권과 소유권에 대한 명령 실습중
ls /var
root@jayoon-virtual-machine:~# ls -l sampe
ls: 'sampe'에 접근할 수 없음: 그런 파일이나 디렉터리가 없습니다
root@jayoon-virtual-machine:~# ls -l sample
-rw-r--r-- 1 root root 91  5월  9 10:15 sample
root@jayoon-virtual-machine:~# chmod 777 sample
root@jayoon-virtual-machine:~# ls -l sample
-rwxrwxrwx 1 root root 91  5월  9 10:15 sample
root@jayoon-virtual-machine:~# chmod 644 sample
root@jayoon-virtual-machine:~# ls -l sample
-rw-r--r-- 1 root root 91  5월  9 10:15 sample
root@jayoon-virtual-machine:~# chmod u+x sample
root@jayoon-virtual-machine:~# ls -l sample
-rwxr--r-- 1 root root 91  5월  9 10:15 sample
root@jayoon-virtual-machine:~# sample
명령어 'sample' 을(를) 찾을 수 없습니다. 그러나 다음을 통해 설치할 수 있습니다:
apt install barcode
root@jayoon-virtual-machine:~# ./sample
./sample: 줄 1: 리눅스: 명령어를 찾을 수 없음
./sample: 줄 2: 파일허가권과: 명령어를 찾을 수 없음
backups  crash	local  log   metrics  run   spool
cache	 lib	lock   mail  opt      snap  tmp
root@jayoon-virtual-machine:~# chmod u+x sample
root@jayoon-virtual-machine:~# ./sample
./sample: 줄 1: 리눅스: 명령어를 찾을 수 없음
./sample: 줄 2: 파일허가권과: 명령어를 찾을 수 없음
backups  crash	local  log   metrics  run   spool
cache	 lib	lock   mail  opt      snap  tmp
root@jayoon-virtual-machine:~# chmod 777 sample
root@jayoon-virtual-machine:~# ./sample
./sample: 줄 1: 리눅스: 명령어를 찾을 수 없음
./sample: 줄 2: 파일허가권과: 명령어를 찾을 수 없음
backups  crash	local  log   metrics  run   spool
cache	 lib	lock   mail  opt      snap  tmp
root@jayoon-virtual-machine:~# chmod 644 sample
root@jayoon-virtual-machine:~# chmod u+x sample
root@jayoon-virtual-machine:~# ./sample
./sample: 줄 1: 리눅스: 명령어를 찾을 수 없음
./sample: 줄 2: 파일허가권과: 명령어를 찾을 수 없음
backups  crash	local  log   metrics  run   spool
cache	 lib	lock   mail  opt      snap  tmp
root@jayoon-virtual-machine:~# ls -l sample
-rwxr--r-- 1 root root 91  5월  9 10:15 sample
root@jayoon-virtual-machine:~# chmod 755 sample
root@jayoon-virtual-machine:~# ls -l sample
-rwxr-xr-x 1 root root 91  5월  9 10:15 sample
root@jayoon-virtual-machine:~# ./sample
./sample: 줄 1: 리눅스: 명령어를 찾을 수 없음
./sample: 줄 2: 파일허가권과: 명령어를 찾을 수 없음
backups  crash	local  log   metrics  run   spool
cache	 lib	lock   mail  opt      snap  tmp
root@jayoon-virtual-machine:~# chown jayoon sample
root@jayoon-virtual-machine:~# ls -l sample
-rwxr-xr-x 1 jayoon root 91  5월  9 10:15 sample
root@jayoon-virtual-machine:~# ./sample
./sample: 줄 1: 리눅스: 명령어를 찾을 수 없음
./sample: 줄 2: 파일허가권과: 명령어를 찾을 수 없음
backups  crash	local  log   metrics  run   spool
cache	 lib	lock   mail  opt      snap  tmp
root@jayoon-virtual-machine:~# chown jayoon.jayoon sample
root@jayoon-virtual-machine:~# ls -l sample
-rwxr-xr-x 1 jayoon jayoon 91  5월  9 10:15 sample
root@jayoon-virtual-machine:~# ./sample
./sample: 줄 1: 리눅스: 명령어를 찾을 수 없음
./sample: 줄 2: 파일허가권과: 명령어를 찾을 수 없음
backups  crash	local  log   metrics  run   spool
cache	 lib	lock   mail  opt      snap  tmp
root@jayoon-virtual-machine:~# chmod 644 sample
root@jayoon-virtual-machine:~# chmod 764 sample
root@jayoon-virtual-machine:~# ls -l sample
-rwxrw-r-- 1 jayoon jayoon 91  5월  9 10:15 sample
root@jayoon-virtual-machine:~# chmod 644 sample
root@jayoon-virtual-machine:~# chmod 754 sample
root@jayoon-virtual-machine:~# ls -l sampl
ls: 'sampl'에 접근할 수 없음: 그런 파일이나 디렉터리가 없습니다
root@jayoon-virtual-machine:~# ls -l sample
-rwxr-xr-- 1 jayoon jayoon 91  5월  9 10:15 sample
root@jayoon-virtual-machine:~# su - jayoon
jayoon@jayoon-virtual-machine:~$ pwd
/home/jayoon
jayoon@jayoon-virtual-machine:~$ ls -l /root/sample
ls: cannot access '/root/sample': Permission denied
jayoon@jayoon-virtual-machine:~$ ls -ld /root
drwx------ 17 root root 4096  5월  9 10:15 /root
jayoon@jayoon-virtual-machine:~$ logout
root@jayoon-virtual-machine:~# mv sample ~jayoon
root@jayoon-virtual-machine:~# ls -l sampl
ls: 'sampl'에 접근할 수 없음: 그런 파일이나 디렉터리가 없습니다
root@jayoon-virtual-machine:~# ls -l sample
ls: 'sample'에 접근할 수 없음: 그런 파일이나 디렉터리가 없습니다
root@jayoon-virtual-machine:~# su - jayoon
jayoon@jayoon-virtual-machine:~$ ls -l sample
-rwxr-xr-- 1 jayoon jayoon 91  5월  9 10:15 sample
jayoon@jayoon-virtual-machine:~$ ls -l /home/sample
ls: cannot access '/home/sample': No such file or directory
jayoon@jayoon-virtual-machine:~$ ls -l /home/jayoon
total 40
-rwxr-xr-- 1 jayoon jayoon   91  5월  9 10:15 sample
drwx------ 4 jayoon jayoon 4096  3월 14 10:55 snap
drwxr-xr-x 2 jayoon jayoon 4096  3월 14 10:53 공개
drwxr-xr-x 2 jayoon jayoon 4096  3월 14 10:53 다운로드
drwxr-xr-x 2 jayoon jayoon 4096  3월 14 10:53 문서
drwxr-xr-x 2 jayoon jayoon 4096  3월 14 10:53 바탕화면
drwxr-xr-x 2 jayoon jayoon 4096  3월 14 10:53 비디오
drwxr-xr-x 2 jayoon jayoon 4096  3월 14 10:53 사진
drwxr-xr-x 2 jayoon jayoon 4096  3월 14 10:53 음악
drwxr-xr-x 2 jayoon jayoon 4096  3월 14 10:53 템플릿
jayoon@jayoon-virtual-machine:~$ chmod 777 sample
jayoon@jayoon-virtual-machine:~$ ls -l sample
-rwxrwxrwx 1 jayoon jayoon 91  5월  9 10:15 sample
jayoon@jayoon-virtual-machine:~$ chown root.root sample
chown: changing ownership of 'sample': Operation not permitted
jayoon@jayoon-virtual-machine:~$ exit
logout
root@jayoon-virtual-machine:~# mkdir linkdir
root@jayoon-virtual-machine:~# cd linkdir/
root@jayoon-virtual-machine:~/linkdir# nano originalfile
root@jayoon-virtual-machine:~/linkdir# cat originalfile
파일 링크 실습용 원본 파일
root@jayoon-virtual-machine:~/linkdir# 
